core_cm4.h:1452:22:NVIC_EnableIRQ	16	static
core_cm4.h:1535:22:NVIC_SetPriority	16	static
lcd.c:43:6:LCD5110_init	8	static
lcd.c:64:6:LCD5110_GPIO_Config	4	static
lcd.c:86:6:Nokia_BackLight	16	static
lcd.c:92:6:LCD5110_clear	16	static
lcd.c:100:6:LCD5110_set_XY	24	static
lcd.c:109:6:LCD5110_LCD_delay_ms	24	static
lcd.c:118:6:LCD5110_CS	16	static
lcd.c:126:6:LCD5110_RST	16	static
lcd.c:133:6:LCD5110_DC	16	static
lcd.c:140:6:LCD5110_MO	16	static
lcd.c:147:6:LCD5110_SCK	16	static
lcd.c:154:5:_write	32	static
lcd.c:162:6:LCD5110_clrScr	16	static
lcd.c:168:6:LCD5110_fillScr	16	static
lcd.c:174:6:LCD5110_LCD_write_byte	24	static
lcd.c:197:6:LCD5110_write_char	24	static
lcd.c:211:6:LCD5110_write_char_reg	24	static
lcd.c:226:6:LCD5110_write_string	24	static
lcd.c:237:6:setPixel	24	static
lcd.c:250:6:LCD5110_clrPixel	24	static
main.c:75:6:TIM1_UP_TIM10_IRQHandler	8	static
main.c:92:6:EXTI15_10_IRQHandler	8	static
main.c:121:5:main	16	static
main.c:219:6:mensagemPadrao	8	static
main.c:227:6:paraEstadoContador	8	static
main.c:240:6:setarValorDisplays	16	static
main.c:259:6:sendSerial	24	static
main.c:266:6:sendNumeroSerial	24	static
main.c:272:6:trocaDisplay	4	static
main.c:293:6:ligarSegmentos	4	static
